Command line invocation:
    /Applications/Xcode.app/Contents/Developer/usr/bin/xcodebuild -project Mochi.xcodeproj -scheme Mochi -destination "generic/platform=iOS Simulator" build

Resolve Package Graph


Resolved source packages:
  RevenueCat: https://github.com/RevenueCat/purchases-ios @ 5.55.1

ComputePackagePrebuildTargetDependencyGraph

Prepare packages

CreateBuildRequest

SendProjectDescription

CreateBuildOperation

ComputeTargetDependencyGraph
note: Building targets in dependency order
note: Target dependency graph (10 targets)
    Target 'Mochi' in project 'Mochi'
        ➜ Explicit dependency on target 'MochiWidgetExtension' in project 'Mochi'
        ➜ Explicit dependency on target 'RevenueCat' in project 'RevenueCat'
        ➜ Explicit dependency on target 'ReceiptParser' in project 'RevenueCat'
        ➜ Explicit dependency on target 'RevenueCatUI' in project 'RevenueCat'
    Target 'RevenueCatUI' in project 'RevenueCat'
        ➜ Explicit dependency on target 'RevenueCatUI' in project 'RevenueCat'
        ➜ Explicit dependency on target 'RevenueCat_RevenueCatUI' in project 'RevenueCat'
        ➜ Explicit dependency on target 'RevenueCat' in project 'RevenueCat'
    Target 'RevenueCatUI' in project 'RevenueCat'
        ➜ Explicit dependency on target 'RevenueCat_RevenueCatUI' in project 'RevenueCat'
        ➜ Explicit dependency on target 'RevenueCat' in project 'RevenueCat'
    Target 'RevenueCat_RevenueCatUI' in project 'RevenueCat' (no dependencies)
    Target 'ReceiptParser' in project 'RevenueCat'
        ➜ Explicit dependency on target 'ReceiptParser' in project 'RevenueCat'
    Target 'ReceiptParser' in project 'RevenueCat' (no dependencies)
    Target 'RevenueCat' in project 'RevenueCat'
        ➜ Explicit dependency on target 'RevenueCat' in project 'RevenueCat'
        ➜ Explicit dependency on target 'RevenueCat_RevenueCat' in project 'RevenueCat'
    Target 'RevenueCat' in project 'RevenueCat'
        ➜ Explicit dependency on target 'RevenueCat_RevenueCat' in project 'RevenueCat'
    Target 'RevenueCat_RevenueCat' in project 'RevenueCat' (no dependencies)
    Target 'MochiWidgetExtension' in project 'Mochi' (no dependencies)

GatherProvisioningInputs

CreateBuildDescription

ExecuteExternalTool /Applications/Xcode.app/Contents/Developer/usr/bin/actool --version --output-format xml1

ExecuteExternalTool /Applications/Xcode.app/Contents/Developer/Toolchains/XcodeDefault.xctoolchain/usr/bin/clang -v -E -dM -isysroot /Applications/Xcode.app/Contents/Developer/Platforms/iPhoneSimulator.platform/Developer/SDKs/iPhoneSimulator26.2.sdk -x c -c /dev/null

ExecuteExternalTool /Applications/Xcode.app/Contents/Developer/Toolchains/XcodeDefault.xctoolchain/usr/bin/swiftc --version

ExecuteExternalTool /Applications/Xcode.app/Contents/Developer/usr/bin/actool --print-asset-tag-combinations --output-format xml1 /Users/harshachaganti/Documents/work/mochi/Mochi/Assets.xcassets

ExecuteExternalTool /Applications/Xcode.app/Contents/Developer/Toolchains/XcodeDefault.xctoolchain/usr/bin/ld -version_details

ReadFileContents /Applications/Xcode.app/Contents/Developer/Toolchains/XcodeDefault.xctoolchain/usr/share/docc/features.json

Build description signature: 0f89a4244dbcb2de3cdc62d87fd1ce22
Build description path: /Users/harshachaganti/Library/Developer/Xcode/DerivedData/Mochi-fouhptheltqniubvuxijcwrdujvx/Build/Intermediates.noindex/XCBuildData/0f89a4244dbcb2de3cdc62d87fd1ce22.xcbuilddata
ClangStatCache /Applications/Xcode.app/Contents/Developer/Toolchains/XcodeDefault.xctoolchain/usr/bin/clang-stat-cache /Applications/Xcode.app/Contents/Developer/Platforms/iPhoneSimulator.platform/Developer/SDKs/iPhoneSimulator26.2.sdk /Users/harshachaganti/Library/Developer/Xcode/DerivedData/SDKStatCaches.noindex/iphonesimulator26.2-23C53-3885c01c3e6b6a337905948deab2002e7d00a8b37fbd7999ea79df8ebc024bf0.sdkstatcache
    cd /Users/harshachaganti/Documents/work/mochi/Mochi.xcodeproj
    /Applications/Xcode.app/Contents/Developer/Toolchains/XcodeDefault.xctoolchain/usr/bin/clang-stat-cache /Applications/Xcode.app/Contents/Developer/Platforms/iPhoneSimulator.platform/Developer/SDKs/iPhoneSimulator26.2.sdk -o /Users/harshachaganti/Library/Developer/Xcode/DerivedData/SDKStatCaches.noindex/iphonesimulator26.2-23C53-3885c01c3e6b6a337905948deab2002e7d00a8b37fbd7999ea79df8ebc024bf0.sdkstatcache

ProcessInfoPlistFile /Users/harshachaganti/Library/Developer/Xcode/DerivedData/Mochi-fouhptheltqniubvuxijcwrdujvx/Build/Products/Debug-iphonesimulator/RevenueCat_RevenueCat.bundle/Info.plist /Users/harshachaganti/Library/Developer/Xcode/DerivedData/Mochi-fouhptheltqniubvuxijcwrdujvx/Build/Intermediates.noindex/RevenueCat.build/Debug-iphonesimulator/RevenueCat_RevenueCat.build/empty-RevenueCat_RevenueCat.plist (in target 'RevenueCat_RevenueCat' from project 'RevenueCat')
    cd /Users/harshachaganti/Library/Developer/Xcode/DerivedData/Mochi-fouhptheltqniubvuxijcwrdujvx/SourcePackages/checkouts/purchases-ios
    builtin-infoPlistUtility /Users/harshachaganti/Library/Developer/Xcode/DerivedData/Mochi-fouhptheltqniubvuxijcwrdujvx/Build/Intermediates.noindex/RevenueCat.build/Debug-iphonesimulator/RevenueCat_RevenueCat.build/empty-RevenueCat_RevenueCat.plist -producttype com.apple.product-type.bundle -expandbuildsettings -format binary -platform iphonesimulator -o /Users/harshachaganti/Library/Developer/Xcode/DerivedData/Mochi-fouhptheltqniubvuxijcwrdujvx/Build/Products/Debug-iphonesimulator/RevenueCat_RevenueCat.bundle/Info.plist

ProcessInfoPlistFile /Users/harshachaganti/Library/Developer/Xcode/DerivedData/Mochi-fouhptheltqniubvuxijcwrdujvx/Build/Products/Debug-iphonesimulator/MochiWidgetExtension.appex/Info.plist /Users/harshachaganti/Documents/work/mochi/MochiWidget/Info.plist (in target 'MochiWidgetExtension' from project 'Mochi')
    cd /Users/harshachaganti/Documents/work/mochi
    builtin-infoPlistUtility /Users/harshachaganti/Documents/work/mochi/MochiWidget/Info.plist -producttype com.apple.product-type.app-extension -expandbuildsettings -format binary -platform iphonesimulator -additionalcontentfile /Users/harshachaganti/Library/Developer/Xcode/DerivedData/Mochi-fouhptheltqniubvuxijcwrdujvx/Build/Intermediates.noindex/Mochi.build/Debug-iphonesimulator/MochiWidgetExtension.build/assetcatalog_generated_info.plist -o /Users/harshachaganti/Library/Developer/Xcode/DerivedData/Mochi-fouhptheltqniubvuxijcwrdujvx/Build/Products/Debug-iphonesimulator/MochiWidgetExtension.appex/Info.plist

ProcessInfoPlistFile /Users/harshachaganti/Library/Developer/Xcode/DerivedData/Mochi-fouhptheltqniubvuxijcwrdujvx/Build/Products/Debug-iphonesimulator/RevenueCat_RevenueCatUI.bundle/Info.plist /Users/harshachaganti/Library/Developer/Xcode/DerivedData/Mochi-fouhptheltqniubvuxijcwrdujvx/Build/Intermediates.noindex/RevenueCat.build/Debug-iphonesimulator/RevenueCat_RevenueCatUI.build/empty-RevenueCat_RevenueCatUI.plist (in target 'RevenueCat_RevenueCatUI' from project 'RevenueCat')
    cd /Users/harshachaganti/Library/Developer/Xcode/DerivedData/Mochi-fouhptheltqniubvuxijcwrdujvx/SourcePackages/checkouts/purchases-ios
    builtin-infoPlistUtility /Users/harshachaganti/Library/Developer/Xcode/DerivedData/Mochi-fouhptheltqniubvuxijcwrdujvx/Build/Intermediates.noindex/RevenueCat.build/Debug-iphonesimulator/RevenueCat_RevenueCatUI.build/empty-RevenueCat_RevenueCatUI.plist -producttype com.apple.product-type.bundle -expandbuildsettings -format binary -platform iphonesimulator -additionalcontentfile /Users/harshachaganti/Library/Developer/Xcode/DerivedData/Mochi-fouhptheltqniubvuxijcwrdujvx/Build/Intermediates.noindex/RevenueCat.build/Debug-iphonesimulator/RevenueCat_RevenueCatUI.build/assetcatalog_generated_info.plist -o /Users/harshachaganti/Library/Developer/Xcode/DerivedData/Mochi-fouhptheltqniubvuxijcwrdujvx/Build/Products/Debug-iphonesimulator/RevenueCat_RevenueCatUI.bundle/Info.plist

SwiftDriver Mochi normal arm64 com.apple.xcode.tools.swift.compiler (in target 'Mochi' from project 'Mochi')
    cd /Users/harshachaganti/Documents/work/mochi
    builtin-SwiftDriver -- /Applications/Xcode.app/Contents/Developer/Toolchains/XcodeDefault.xctoolchain/usr/bin/swiftc -module-name Mochi -Onone -enforce-exclusivity\=checked @/Users/harshachaganti/Library/Developer/Xcode/DerivedData/Mochi-fouhptheltqniubvuxijcwrdujvx/Build/Intermediates.noindex/Mochi.build/Debug-iphonesimulator/Mochi.build/Objects-normal/arm64/Mochi.SwiftFileList -DDEBUG -default-isolation\=MainActor -enable-bare-slash-regex -enable-upcoming-feature DisableOutwardActorInference -enable-upcoming-feature InferSendableFromCaptures -enable-upcoming-feature GlobalActorIsolatedTypesUsability -enable-upcoming-feature MemberImportVisibility -enable-upcoming-feature InferIsolatedConformances -enable-upcoming-feature NonisolatedNonsendingByDefault -enable-experimental-feature DebugDescriptionMacro -sdk /Applications/Xcode.app/Contents/Developer/Platforms/iPhoneSimulator.platform/Developer/SDKs/iPhoneSimulator26.2.sdk -target arm64-apple-ios26.2-simulator -g -module-cache-path /Users/harshachaganti/Library/Developer/Xcode/DerivedData/ModuleCache.noindex -Xfrontend -serialize-debugging-options -profile-coverage-mapping -profile-generate -enable-testing -index-store-path /Users/harshachaganti/Library/Developer/Xcode/DerivedData/Mochi-fouhptheltqniubvuxijcwrdujvx/Index.noindex/DataStore -Xcc -D_LIBCPP_HARDENING_MODE\=_LIBCPP_HARDENING_MODE_DEBUG -swift-version 5 -I /Users/harshachaganti/Library/Developer/Xcode/DerivedData/Mochi-fouhptheltqniubvuxijcwrdujvx/Build/Products/Debug-iphonesimulator -F /Users/harshachaganti/Library/Developer/Xcode/DerivedData/Mochi-fouhptheltqniubvuxijcwrdujvx/Build/Products/Debug-iphonesimulator/PackageFrameworks -F /Users/harshachaganti/Library/Developer/Xcode/DerivedData/Mochi-fouhptheltqniubvuxijcwrdujvx/Build/Products/Debug-iphonesimulator/PackageFrameworks -F /Users/harshachaganti/Library/Developer/Xcode/DerivedData/Mochi-fouhptheltqniubvuxijcwrdujvx/Build/Products/Debug-iphonesimulator/PackageFrameworks -F /Users/harshachaganti/Library/Developer/Xcode/DerivedData/Mochi-fouhptheltqniubvuxijcwrdujvx/Build/Products/Debug-iphonesimulator -emit-localized-strings -emit-localized-strings-path /Users/harshachaganti/Library/Developer/Xcode/DerivedData/Mochi-fouhptheltqniubvuxijcwrdujvx/Build/Intermediates.noindex/Mochi.build/Debug-iphonesimulator/Mochi.build/Objects-normal/arm64 -c -j10 -enable-batch-mode -incremental -Xcc -ivfsstatcache -Xcc /Users/harshachaganti/Library/Developer/Xcode/DerivedData/SDKStatCaches.noindex/iphonesimulator26.2-23C53-3885c01c3e6b6a337905948deab2002e7d00a8b37fbd7999ea79df8ebc024bf0.sdkstatcache -output-file-map /Users/harshachaganti/Library/Developer/Xcode/DerivedData/Mochi-fouhptheltqniubvuxijcwrdujvx/Build/Intermediates.noindex/Mochi.build/Debug-iphonesimulator/Mochi.build/Objects-normal/arm64/Mochi-OutputFileMap.json -use-frontend-parseable-output -save-temps -no-color-diagnostics -explicit-module-build -module-cache-path /Users/harshachaganti/Library/Developer/Xcode/DerivedData/Mochi-fouhptheltqniubvuxijcwrdujvx/Build/Intermediates.noindex/SwiftExplicitPrecompiledModules -clang-scanner-module-cache-path /Users/harshachaganti/Library/Developer/Xcode/DerivedData/ModuleCache.noindex -sdk-module-cache-path /Users/harshachaganti/Library/Developer/Xcode/DerivedData/ModuleCache.noindex -serialize-diagnostics -emit-dependencies -emit-module -emit-module-path /Users/harshachaganti/Library/Developer/Xcode/DerivedData/Mochi-fouhptheltqniubvuxijcwrdujvx/Build/Intermediates.noindex/Mochi.build/Debug-iphonesimulator/Mochi.build/Objects-normal/arm64/Mochi.swiftmodule -validate-clang-modules-once -clang-build-session-file /Users/harshachaganti/Library/Developer/Xcode/DerivedData/ModuleCache.noindex/Session.modulevalidation -Xcc -I/Users/harshachaganti/Library/Developer/Xcode/DerivedData/Mochi-fouhptheltqniubvuxijcwrdujvx/Build/Intermediates.noindex/Mochi.build/Debug-iphonesimulator/Mochi.build/swift-overrides.hmap -emit-const-values -Xfrontend -const-gather-protocols-file -Xfrontend /Users/harshachaganti/Library/Developer/Xcode/DerivedData/Mochi-fouhptheltqniubvuxijcwrdujvx/Build/Intermediates.noindex/Mochi.build/Debug-iphonesimulator/Mochi.build/Objects-normal/arm64/Mochi_const_extract_protocols.json -Xcc -iquote -Xcc /Users/harshachaganti/Library/Developer/Xcode/DerivedData/Mochi-fouhptheltqniubvuxijcwrdujvx/Build/Intermediates.noindex/Mochi.build/Debug-iphonesimulator/Mochi.build/Mochi-generated-files.hmap -Xcc -I/Users/harshachaganti/Library/Developer/Xcode/DerivedData/Mochi-fouhptheltqniubvuxijcwrdujvx/Build/Intermediates.noindex/Mochi.build/Debug-iphonesimulator/Mochi.build/Mochi-own-target-headers.hmap -Xcc -I/Users/harshachaganti/Library/Developer/Xcode/DerivedData/Mochi-fouhptheltqniubvuxijcwrdujvx/Build/Intermediates.noindex/Mochi.build/Debug-iphonesimulator/Mochi.build/Mochi-all-non-framework-target-headers.hmap -Xcc -ivfsoverlay -Xcc /Users/harshachaganti/Library/Developer/Xcode/DerivedData/Mochi-fouhptheltqniubvuxijcwrdujvx/Build/Intermediates.noindex/Mochi.build/Debug-iphonesimulator/Mochi-5166c75d30cd9516e4500d4f9a5b4252-VFS-iphonesimulator/all-product-headers.yaml -Xcc -iquote -Xcc /Users/harshachaganti/Library/Developer/Xcode/DerivedData/Mochi-fouhptheltqniubvuxijcwrdujvx/Build/Intermediates.noindex/Mochi.build/Debug-iphonesimulator/Mochi.build/Mochi-project-headers.hmap -Xcc -I/Users/harshachaganti/Library/Developer/Xcode/DerivedData/Mochi-fouhptheltqniubvuxijcwrdujvx/Build/Products/Debug-iphonesimulator/include -Xcc -I/Users/harshachaganti/Library/Developer/Xcode/DerivedData/Mochi-fouhptheltqniubvuxijcwrdujvx/Build/Intermediates.noindex/Mochi.build/Debug-iphonesimulator/Mochi.build/DerivedSources-normal/arm64 -Xcc -I/Users/harshachaganti/Library/Developer/Xcode/DerivedData/Mochi-fouhptheltqniubvuxijcwrdujvx/Build/Intermediates.noindex/Mochi.build/Debug-iphonesimulator/Mochi.build/DerivedSources/arm64 -Xcc -I/Users/harshachaganti/Library/Developer/Xcode/DerivedData/Mochi-fouhptheltqniubvuxijcwrdujvx/Build/Intermediates.noindex/Mochi.build/Debug-iphonesimulator/Mochi.build/DerivedSources -Xcc -DDEBUG\=1 -emit-objc-header -emit-objc-header-path /Users/harshachaganti/Library/Developer/Xcode/DerivedData/Mochi-fouhptheltqniubvuxijcwrdujvx/Build/Intermediates.noindex/Mochi.build/Debug-iphonesimulator/Mochi.build/Objects-normal/arm64/Mochi-Swift.h -working-directory /Users/harshachaganti/Documents/work/mochi -experimental-emit-module-separately -disable-cmo

SwiftCompile normal arm64 Compiling\ PaywallView.swift /Users/harshachaganti/Documents/work/mochi/Mochi/Views/PaywallView.swift (in target 'Mochi' from project 'Mochi')

SwiftCompile normal arm64 /Users/harshachaganti/Documents/work/mochi/Mochi/Views/PaywallView.swift (in target 'Mochi' from project 'Mochi')
    cd /Users/harshachaganti/Documents/work/mochi
    

SwiftEmitModule normal arm64 Emitting\ module\ for\ Mochi (in target 'Mochi' from project 'Mochi')

EmitSwiftModule normal arm64 (in target 'Mochi' from project 'Mochi')
    cd /Users/harshachaganti/Documents/work/mochi
    
/Users/harshachaganti/Documents/work/mochi/Mochi/Extensions/Navigation+Extensions.swift:4:1: warning: extension declares a conformance of imported type 'UINavigationController' to imported protocol 'UIGestureRecognizerDelegate'; this will not behave correctly if the owners of 'UIKit' introduce this conformance in the future
extension UINavigationController: UIGestureRecognizerDelegate {
^
/Users/harshachaganti/Documents/work/mochi/Mochi/Extensions/Navigation+Extensions.swift:4:1: note: add '@retroactive' to silence this warning
extension UINavigationController: UIGestureRecognizerDelegate {
^                                 ~~~~~~~~~~~~~~~~~~~~~~~~~~~
                                  @retroactive UIGestureRecognizerDelegate

SwiftDriverJobDiscovery normal arm64 Emitting module for Mochi (in target 'Mochi' from project 'Mochi')

SwiftDriver\ Compilation\ Requirements Mochi normal arm64 com.apple.xcode.tools.swift.compiler (in target 'Mochi' from project 'Mochi')
    cd /Users/harshachaganti/Documents/work/mochi
    builtin-Swift-Compilation-Requirements -- /Applications/Xcode.app/Contents/Developer/Toolchains/XcodeDefault.xctoolchain/usr/bin/swiftc -module-name Mochi -Onone -enforce-exclusivity\=checked @/Users/harshachaganti/Library/Developer/Xcode/DerivedData/Mochi-fouhptheltqniubvuxijcwrdujvx/Build/Intermediates.noindex/Mochi.build/Debug-iphonesimulator/Mochi.build/Objects-normal/arm64/Mochi.SwiftFileList -DDEBUG -default-isolation\=MainActor -enable-bare-slash-regex -enable-upcoming-feature DisableOutwardActorInference -enable-upcoming-feature InferSendableFromCaptures -enable-upcoming-feature GlobalActorIsolatedTypesUsability -enable-upcoming-feature MemberImportVisibility -enable-upcoming-feature InferIsolatedConformances -enable-upcoming-feature NonisolatedNonsendingByDefault -enable-experimental-feature DebugDescriptionMacro -sdk /Applications/Xcode.app/Contents/Developer/Platforms/iPhoneSimulator.platform/Developer/SDKs/iPhoneSimulator26.2.sdk -target arm64-apple-ios26.2-simulator -g -module-cache-path /Users/harshachaganti/Library/Developer/Xcode/DerivedData/ModuleCache.noindex -Xfrontend -serialize-debugging-options -profile-coverage-mapping -profile-generate -enable-testing -index-store-path /Users/harshachaganti/Library/Developer/Xcode/DerivedData/Mochi-fouhptheltqniubvuxijcwrdujvx/Index.noindex/DataStore -Xcc -D_LIBCPP_HARDENING_MODE\=_LIBCPP_HARDENING_MODE_DEBUG -swift-version 5 -I /Users/harshachaganti/Library/Developer/Xcode/DerivedData/Mochi-fouhptheltqniubvuxijcwrdujvx/Build/Products/Debug-iphonesimulator -F /Users/harshachaganti/Library/Developer/Xcode/DerivedData/Mochi-fouhptheltqniubvuxijcwrdujvx/Build/Products/Debug-iphonesimulator/PackageFrameworks -F /Users/harshachaganti/Library/Developer/Xcode/DerivedData/Mochi-fouhptheltqniubvuxijcwrdujvx/Build/Products/Debug-iphonesimulator/PackageFrameworks -F /Users/harshachaganti/Library/Developer/Xcode/DerivedData/Mochi-fouhptheltqniubvuxijcwrdujvx/Build/Products/Debug-iphonesimulator/PackageFrameworks -F /Users/harshachaganti/Library/Developer/Xcode/DerivedData/Mochi-fouhptheltqniubvuxijcwrdujvx/Build/Products/Debug-iphonesimulator -emit-localized-strings -emit-localized-strings-path /Users/harshachaganti/Library/Developer/Xcode/DerivedData/Mochi-fouhptheltqniubvuxijcwrdujvx/Build/Intermediates.noindex/Mochi.build/Debug-iphonesimulator/Mochi.build/Objects-normal/arm64 -c -j10 -enable-batch-mode -incremental -Xcc -ivfsstatcache -Xcc /Users/harshachaganti/Library/Developer/Xcode/DerivedData/SDKStatCaches.noindex/iphonesimulator26.2-23C53-3885c01c3e6b6a337905948deab2002e7d00a8b37fbd7999ea79df8ebc024bf0.sdkstatcache -output-file-map /Users/harshachaganti/Library/Developer/Xcode/DerivedData/Mochi-fouhptheltqniubvuxijcwrdujvx/Build/Intermediates.noindex/Mochi.build/Debug-iphonesimulator/Mochi.build/Objects-normal/arm64/Mochi-OutputFileMap.json -use-frontend-parseable-output -save-temps -no-color-diagnostics -explicit-module-build -module-cache-path /Users/harshachaganti/Library/Developer/Xcode/DerivedData/Mochi-fouhptheltqniubvuxijcwrdujvx/Build/Intermediates.noindex/SwiftExplicitPrecompiledModules -clang-scanner-module-cache-path /Users/harshachaganti/Library/Developer/Xcode/DerivedData/ModuleCache.noindex -sdk-module-cache-path /Users/harshachaganti/Library/Developer/Xcode/DerivedData/ModuleCache.noindex -serialize-diagnostics -emit-dependencies -emit-module -emit-module-path /Users/harshachaganti/Library/Developer/Xcode/DerivedData/Mochi-fouhptheltqniubvuxijcwrdujvx/Build/Intermediates.noindex/Mochi.build/Debug-iphonesimulator/Mochi.build/Objects-normal/arm64/Mochi.swiftmodule -validate-clang-modules-once -clang-build-session-file /Users/harshachaganti/Library/Developer/Xcode/DerivedData/ModuleCache.noindex/Session.modulevalidation -Xcc -I/Users/harshachaganti/Library/Developer/Xcode/DerivedData/Mochi-fouhptheltqniubvuxijcwrdujvx/Build/Intermediates.noindex/Mochi.build/Debug-iphonesimulator/Mochi.build/swift-overrides.hmap -emit-const-values -Xfrontend -const-gather-protocols-file -Xfrontend /Users/harshachaganti/Library/Developer/Xcode/DerivedData/Mochi-fouhptheltqniubvuxijcwrdujvx/Build/Intermediates.noindex/Mochi.build/Debug-iphonesimulator/Mochi.build/Objects-normal/arm64/Mochi_const_extract_protocols.json -Xcc -iquote -Xcc /Users/harshachaganti/Library/Developer/Xcode/DerivedData/Mochi-fouhptheltqniubvuxijcwrdujvx/Build/Intermediates.noindex/Mochi.build/Debug-iphonesimulator/Mochi.build/Mochi-generated-files.hmap -Xcc -I/Users/harshachaganti/Library/Developer/Xcode/DerivedData/Mochi-fouhptheltqniubvuxijcwrdujvx/Build/Intermediates.noindex/Mochi.build/Debug-iphonesimulator/Mochi.build/Mochi-own-target-headers.hmap -Xcc -I/Users/harshachaganti/Library/Developer/Xcode/DerivedData/Mochi-fouhptheltqniubvuxijcwrdujvx/Build/Intermediates.noindex/Mochi.build/Debug-iphonesimulator/Mochi.build/Mochi-all-non-framework-target-headers.hmap -Xcc -ivfsoverlay -Xcc /Users/harshachaganti/Library/Developer/Xcode/DerivedData/Mochi-fouhptheltqniubvuxijcwrdujvx/Build/Intermediates.noindex/Mochi.build/Debug-iphonesimulator/Mochi-5166c75d30cd9516e4500d4f9a5b4252-VFS-iphonesimulator/all-product-headers.yaml -Xcc -iquote -Xcc /Users/harshachaganti/Library/Developer/Xcode/DerivedData/Mochi-fouhptheltqniubvuxijcwrdujvx/Build/Intermediates.noindex/Mochi.build/Debug-iphonesimulator/Mochi.build/Mochi-project-headers.hmap -Xcc -I/Users/harshachaganti/Library/Developer/Xcode/DerivedData/Mochi-fouhptheltqniubvuxijcwrdujvx/Build/Products/Debug-iphonesimulator/include -Xcc -I/Users/harshachaganti/Library/Developer/Xcode/DerivedData/Mochi-fouhptheltqniubvuxijcwrdujvx/Build/Intermediates.noindex/Mochi.build/Debug-iphonesimulator/Mochi.build/DerivedSources-normal/arm64 -Xcc -I/Users/harshachaganti/Library/Developer/Xcode/DerivedData/Mochi-fouhptheltqniubvuxijcwrdujvx/Build/Intermediates.noindex/Mochi.build/Debug-iphonesimulator/Mochi.build/DerivedSources/arm64 -Xcc -I/Users/harshachaganti/Library/Developer/Xcode/DerivedData/Mochi-fouhptheltqniubvuxijcwrdujvx/Build/Intermediates.noindex/Mochi.build/Debug-iphonesimulator/Mochi.build/DerivedSources -Xcc -DDEBUG\=1 -emit-objc-header -emit-objc-header-path /Users/harshachaganti/Library/Developer/Xcode/DerivedData/Mochi-fouhptheltqniubvuxijcwrdujvx/Build/Intermediates.noindex/Mochi.build/Debug-iphonesimulator/Mochi.build/Objects-normal/arm64/Mochi-Swift.h -working-directory /Users/harshachaganti/Documents/work/mochi -experimental-emit-module-separately -disable-cmo

SwiftDriverJobDiscovery normal arm64 Compiling PaywallView.swift (in target 'Mochi' from project 'Mochi')

SwiftDriver\ Compilation Mochi normal arm64 com.apple.xcode.tools.swift.compiler (in target 'Mochi' from project 'Mochi')
    cd /Users/harshachaganti/Documents/work/mochi
    builtin-Swift-Compilation -- /Applications/Xcode.app/Contents/Developer/Toolchains/XcodeDefault.xctoolchain/usr/bin/swiftc -module-name Mochi -Onone -enforce-exclusivity\=checked @/Users/harshachaganti/Library/Developer/Xcode/DerivedData/Mochi-fouhptheltqniubvuxijcwrdujvx/Build/Intermediates.noindex/Mochi.build/Debug-iphonesimulator/Mochi.build/Objects-normal/arm64/Mochi.SwiftFileList -DDEBUG -default-isolation\=MainActor -enable-bare-slash-regex -enable-upcoming-feature DisableOutwardActorInference -enable-upcoming-feature InferSendableFromCaptures -enable-upcoming-feature GlobalActorIsolatedTypesUsability -enable-upcoming-feature MemberImportVisibility -enable-upcoming-feature InferIsolatedConformances -enable-upcoming-feature NonisolatedNonsendingByDefault -enable-experimental-feature DebugDescriptionMacro -sdk /Applications/Xcode.app/Contents/Developer/Platforms/iPhoneSimulator.platform/Developer/SDKs/iPhoneSimulator26.2.sdk -target arm64-apple-ios26.2-simulator -g -module-cache-path /Users/harshachaganti/Library/Developer/Xcode/DerivedData/ModuleCache.noindex -Xfrontend -serialize-debugging-options -profile-coverage-mapping -profile-generate -enable-testing -index-store-path /Users/harshachaganti/Library/Developer/Xcode/DerivedData/Mochi-fouhptheltqniubvuxijcwrdujvx/Index.noindex/DataStore -Xcc -D_LIBCPP_HARDENING_MODE\=_LIBCPP_HARDENING_MODE_DEBUG -swift-version 5 -I /Users/harshachaganti/Library/Developer/Xcode/DerivedData/Mochi-fouhptheltqniubvuxijcwrdujvx/Build/Products/Debug-iphonesimulator -F /Users/harshachaganti/Library/Developer/Xcode/DerivedData/Mochi-fouhptheltqniubvuxijcwrdujvx/Build/Products/Debug-iphonesimulator/PackageFrameworks -F /Users/harshachaganti/Library/Developer/Xcode/DerivedData/Mochi-fouhptheltqniubvuxijcwrdujvx/Build/Products/Debug-iphonesimulator/PackageFrameworks -F /Users/harshachaganti/Library/Developer/Xcode/DerivedData/Mochi-fouhptheltqniubvuxijcwrdujvx/Build/Products/Debug-iphonesimulator/PackageFrameworks -F /Users/harshachaganti/Library/Developer/Xcode/DerivedData/Mochi-fouhptheltqniubvuxijcwrdujvx/Build/Products/Debug-iphonesimulator -emit-localized-strings -emit-localized-strings-path /Users/harshachaganti/Library/Developer/Xcode/DerivedData/Mochi-fouhptheltqniubvuxijcwrdujvx/Build/Intermediates.noindex/Mochi.build/Debug-iphonesimulator/Mochi.build/Objects-normal/arm64 -c -j10 -enable-batch-mode -incremental -Xcc -ivfsstatcache -Xcc /Users/harshachaganti/Library/Developer/Xcode/DerivedData/SDKStatCaches.noindex/iphonesimulator26.2-23C53-3885c01c3e6b6a337905948deab2002e7d00a8b37fbd7999ea79df8ebc024bf0.sdkstatcache -output-file-map /Users/harshachaganti/Library/Developer/Xcode/DerivedData/Mochi-fouhptheltqniubvuxijcwrdujvx/Build/Intermediates.noindex/Mochi.build/Debug-iphonesimulator/Mochi.build/Objects-normal/arm64/Mochi-OutputFileMap.json -use-frontend-parseable-output -save-temps -no-color-diagnostics -explicit-module-build -module-cache-path /Users/harshachaganti/Library/Developer/Xcode/DerivedData/Mochi-fouhptheltqniubvuxijcwrdujvx/Build/Intermediates.noindex/SwiftExplicitPrecompiledModules -clang-scanner-module-cache-path /Users/harshachaganti/Library/Developer/Xcode/DerivedData/ModuleCache.noindex -sdk-module-cache-path /Users/harshachaganti/Library/Developer/Xcode/DerivedData/ModuleCache.noindex -serialize-diagnostics -emit-dependencies -emit-module -emit-module-path /Users/harshachaganti/Library/Developer/Xcode/DerivedData/Mochi-fouhptheltqniubvuxijcwrdujvx/Build/Intermediates.noindex/Mochi.build/Debug-iphonesimulator/Mochi.build/Objects-normal/arm64/Mochi.swiftmodule -validate-clang-modules-once -clang-build-session-file /Users/harshachaganti/Library/Developer/Xcode/DerivedData/ModuleCache.noindex/Session.modulevalidation -Xcc -I/Users/harshachaganti/Library/Developer/Xcode/DerivedData/Mochi-fouhptheltqniubvuxijcwrdujvx/Build/Intermediates.noindex/Mochi.build/Debug-iphonesimulator/Mochi.build/swift-overrides.hmap -emit-const-values -Xfrontend -const-gather-protocols-file -Xfrontend /Users/harshachaganti/Library/Developer/Xcode/DerivedData/Mochi-fouhptheltqniubvuxijcwrdujvx/Build/Intermediates.noindex/Mochi.build/Debug-iphonesimulator/Mochi.build/Objects-normal/arm64/Mochi_const_extract_protocols.json -Xcc -iquote -Xcc /Users/harshachaganti/Library/Developer/Xcode/DerivedData/Mochi-fouhptheltqniubvuxijcwrdujvx/Build/Intermediates.noindex/Mochi.build/Debug-iphonesimulator/Mochi.build/Mochi-generated-files.hmap -Xcc -I/Users/harshachaganti/Library/Developer/Xcode/DerivedData/Mochi-fouhptheltqniubvuxijcwrdujvx/Build/Intermediates.noindex/Mochi.build/Debug-iphonesimulator/Mochi.build/Mochi-own-target-headers.hmap -Xcc -I/Users/harshachaganti/Library/Developer/Xcode/DerivedData/Mochi-fouhptheltqniubvuxijcwrdujvx/Build/Intermediates.noindex/Mochi.build/Debug-iphonesimulator/Mochi.build/Mochi-all-non-framework-target-headers.hmap -Xcc -ivfsoverlay -Xcc /Users/harshachaganti/Library/Developer/Xcode/DerivedData/Mochi-fouhptheltqniubvuxijcwrdujvx/Build/Intermediates.noindex/Mochi.build/Debug-iphonesimulator/Mochi-5166c75d30cd9516e4500d4f9a5b4252-VFS-iphonesimulator/all-product-headers.yaml -Xcc -iquote -Xcc /Users/harshachaganti/Library/Developer/Xcode/DerivedData/Mochi-fouhptheltqniubvuxijcwrdujvx/Build/Intermediates.noindex/Mochi.build/Debug-iphonesimulator/Mochi.build/Mochi-project-headers.hmap -Xcc -I/Users/harshachaganti/Library/Developer/Xcode/DerivedData/Mochi-fouhptheltqniubvuxijcwrdujvx/Build/Products/Debug-iphonesimulator/include -Xcc -I/Users/harshachaganti/Library/Developer/Xcode/DerivedData/Mochi-fouhptheltqniubvuxijcwrdujvx/Build/Intermediates.noindex/Mochi.build/Debug-iphonesimulator/Mochi.build/DerivedSources-normal/arm64 -Xcc -I/Users/harshachaganti/Library/Developer/Xcode/DerivedData/Mochi-fouhptheltqniubvuxijcwrdujvx/Build/Intermediates.noindex/Mochi.build/Debug-iphonesimulator/Mochi.build/DerivedSources/arm64 -Xcc -I/Users/harshachaganti/Library/Developer/Xcode/DerivedData/Mochi-fouhptheltqniubvuxijcwrdujvx/Build/Intermediates.noindex/Mochi.build/Debug-iphonesimulator/Mochi.build/DerivedSources -Xcc -DDEBUG\=1 -emit-objc-header -emit-objc-header-path /Users/harshachaganti/Library/Developer/Xcode/DerivedData/Mochi-fouhptheltqniubvuxijcwrdujvx/Build/Intermediates.noindex/Mochi.build/Debug-iphonesimulator/Mochi.build/Objects-normal/arm64/Mochi-Swift.h -working-directory /Users/harshachaganti/Documents/work/mochi -experimental-emit-module-separately -disable-cmo

CopySwiftLibs /Users/harshachaganti/Library/Developer/Xcode/DerivedData/Mochi-fouhptheltqniubvuxijcwrdujvx/Build/Products/Debug-iphonesimulator/Mochi.app (in target 'Mochi' from project 'Mochi')
    cd /Users/harshachaganti/Documents/work/mochi
    builtin-swiftStdLibTool --copy --verbose --sign - --scan-executable /Users/harshachaganti/Library/Developer/Xcode/DerivedData/Mochi-fouhptheltqniubvuxijcwrdujvx/Build/Products/Debug-iphonesimulator/Mochi.app/Mochi.debug.dylib --scan-folder /Users/harshachaganti/Library/Developer/Xcode/DerivedData/Mochi-fouhptheltqniubvuxijcwrdujvx/Build/Products/Debug-iphonesimulator/Mochi.app/Frameworks --scan-folder /Users/harshachaganti/Library/Developer/Xcode/DerivedData/Mochi-fouhptheltqniubvuxijcwrdujvx/Build/Products/Debug-iphonesimulator/Mochi.app/PlugIns --scan-folder /Users/harshachaganti/Library/Developer/Xcode/DerivedData/Mochi-fouhptheltqniubvuxijcwrdujvx/Build/Products/Debug-iphonesimulator/Mochi.app/SystemExtensions --scan-folder /Users/harshachaganti/Library/Developer/Xcode/DerivedData/Mochi-fouhptheltqniubvuxijcwrdujvx/Build/Products/Debug-iphonesimulator/Mochi.app/Extensions --platform iphonesimulator --toolchain /var/run/com.apple.security.cryptexd/mnt/com.apple.MobileAsset.MetalToolchain-v17.3.48.0.hJAyvt/Metal.xctoolchain --toolchain /Applications/Xcode.app/Contents/Developer/Toolchains/XcodeDefault.xctoolchain --destination /Users/harshachaganti/Library/Developer/Xcode/DerivedData/Mochi-fouhptheltqniubvuxijcwrdujvx/Build/Products/Debug-iphonesimulator/Mochi.app/Frameworks --strip-bitcode --strip-bitcode-tool /Applications/Xcode.app/Contents/Developer/Toolchains/XcodeDefault.xctoolchain/usr/bin/bitcode_strip --emit-dependency-info /Users/harshachaganti/Library/Developer/Xcode/DerivedData/Mochi-fouhptheltqniubvuxijcwrdujvx/Build/Intermediates.noindex/Mochi.build/Debug-iphonesimulator/Mochi.build/SwiftStdLibToolInputDependencies.dep --filter-for-swift-os

ProcessInfoPlistFile /Users/harshachaganti/Library/Developer/Xcode/DerivedData/Mochi-fouhptheltqniubvuxijcwrdujvx/Build/Products/Debug-iphonesimulator/Mochi.app/Info.plist /Users/harshachaganti/Documents/work/mochi/Mochi/Info.plist (in target 'Mochi' from project 'Mochi')
    cd /Users/harshachaganti/Documents/work/mochi
    builtin-infoPlistUtility /Users/harshachaganti/Documents/work/mochi/Mochi/Info.plist -producttype com.apple.product-type.application -genpkginfo /Users/harshachaganti/Library/Developer/Xcode/DerivedData/Mochi-fouhptheltqniubvuxijcwrdujvx/Build/Products/Debug-iphonesimulator/Mochi.app/PkgInfo -expandbuildsettings -format binary -platform iphonesimulator -additionalcontentfile /Users/harshachaganti/Library/Developer/Xcode/DerivedData/Mochi-fouhptheltqniubvuxijcwrdujvx/Build/Intermediates.noindex/Mochi.build/Debug-iphonesimulator/Mochi.build/assetcatalog_generated_info.plist -scanforprivacyfile /Users/harshachaganti/Library/Developer/Xcode/DerivedData/Mochi-fouhptheltqniubvuxijcwrdujvx/Build/Products/Debug-iphonesimulator/Mochi.app/PlugIns/MochiWidgetExtension.appex -scanforprivacyfile /Users/harshachaganti/Library/Developer/Xcode/DerivedData/Mochi-fouhptheltqniubvuxijcwrdujvx/Build/Products/Debug-iphonesimulator/Mochi.app/RevenueCat_RevenueCat.bundle -scanforprivacyfile /Users/harshachaganti/Library/Developer/Xcode/DerivedData/Mochi-fouhptheltqniubvuxijcwrdujvx/Build/Products/Debug-iphonesimulator/Mochi.app/RevenueCat_RevenueCatUI.bundle -o /Users/harshachaganti/Library/Developer/Xcode/DerivedData/Mochi-fouhptheltqniubvuxijcwrdujvx/Build/Products/Debug-iphonesimulator/Mochi.app/Info.plist

ExtractAppIntentsMetadata (in target 'Mochi' from project 'Mochi')
    cd /Users/harshachaganti/Documents/work/mochi
    /Applications/Xcode.app/Contents/Developer/Toolchains/XcodeDefault.xctoolchain/usr/bin/appintentsmetadataprocessor --toolchain-dir /var/run/com.apple.security.cryptexd/mnt/com.apple.MobileAsset.MetalToolchain-v17.3.48.0.hJAyvt/Metal.xctoolchain --module-name Mochi --sdk-root /Applications/Xcode.app/Contents/Developer/Platforms/iPhoneSimulator.platform/Developer/SDKs/iPhoneSimulator26.2.sdk --xcode-version 17C52 --platform-family iOS --deployment-target 26.2 --bundle-identifier com.harsha.mochi --output /Users/harshachaganti/Library/Developer/Xcode/DerivedData/Mochi-fouhptheltqniubvuxijcwrdujvx/Build/Products/Debug-iphonesimulator/Mochi.app --target-triple arm64-apple-ios26.2-simulator --target-triple x86_64-apple-ios26.2-simulator --binary-file /Users/harshachaganti/Library/Developer/Xcode/DerivedData/Mochi-fouhptheltqniubvuxijcwrdujvx/Build/Products/Debug-iphonesimulator/Mochi.app/Mochi --dependency-file /Users/harshachaganti/Library/Developer/Xcode/DerivedData/Mochi-fouhptheltqniubvuxijcwrdujvx/Build/Intermediates.noindex/Mochi.build/Debug-iphonesimulator/Mochi.build/Objects-normal/arm64/Mochi_dependency_info.dat --dependency-file /Users/harshachaganti/Library/Developer/Xcode/DerivedData/Mochi-fouhptheltqniubvuxijcwrdujvx/Build/Intermediates.noindex/Mochi.build/Debug-iphonesimulator/Mochi.build/Objects-normal/x86_64/Mochi_dependency_info.dat --stringsdata-file /Users/harshachaganti/Library/Developer/Xcode/DerivedData/Mochi-fouhptheltqniubvuxijcwrdujvx/Build/Intermediates.noindex/Mochi.build/Debug-iphonesimulator/Mochi.build/Objects-normal/arm64/ExtractedAppShortcutsMetadata.stringsdata --stringsdata-file /Users/harshachaganti/Library/Developer/Xcode/DerivedData/Mochi-fouhptheltqniubvuxijcwrdujvx/Build/Intermediates.noindex/Mochi.build/Debug-iphonesimulator/Mochi.build/Objects-normal/x86_64/ExtractedAppShortcutsMetadata.stringsdata --source-file-list /Users/harshachaganti/Library/Developer/Xcode/DerivedData/Mochi-fouhptheltqniubvuxijcwrdujvx/Build/Intermediates.noindex/Mochi.build/Debug-iphonesimulator/Mochi.build/Objects-normal/arm64/Mochi.SwiftFileList --source-file-list /Users/harshachaganti/Library/Developer/Xcode/DerivedData/Mochi-fouhptheltqniubvuxijcwrdujvx/Build/Intermediates.noindex/Mochi.build/Debug-iphonesimulator/Mochi.build/Objects-normal/x86_64/Mochi.SwiftFileList --metadata-file-list /Users/harshachaganti/Library/Developer/Xcode/DerivedData/Mochi-fouhptheltqniubvuxijcwrdujvx/Build/Intermediates.noindex/Mochi.build/Debug-iphonesimulator/Mochi.build/Mochi.DependencyMetadataFileList --static-metadata-file-list /Users/harshachaganti/Library/Developer/Xcode/DerivedData/Mochi-fouhptheltqniubvuxijcwrdujvx/Build/Intermediates.noindex/Mochi.build/Debug-iphonesimulator/Mochi.build/Mochi.DependencyStaticMetadataFileList --swift-const-vals-list /Users/harshachaganti/Library/Developer/Xcode/DerivedData/Mochi-fouhptheltqniubvuxijcwrdujvx/Build/Intermediates.noindex/Mochi.build/Debug-iphonesimulator/Mochi.build/Objects-normal/arm64/Mochi.SwiftConstValuesFileList --swift-const-vals-list /Users/harshachaganti/Library/Developer/Xcode/DerivedData/Mochi-fouhptheltqniubvuxijcwrdujvx/Build/Intermediates.noindex/Mochi.build/Debug-iphonesimulator/Mochi.build/Objects-normal/x86_64/Mochi.SwiftConstValuesFileList --compile-time-extraction --deployment-aware-processing --validate-assistant-intents --no-app-shortcuts-localization
2026-02-22 02:25:13.351 appintentsmetadataprocessor[61284:6379858] Starting appintentsmetadataprocessor export
2026-02-22 02:25:13.448 appintentsmetadataprocessor[61284:6379858] Extracted no relevant App Intents symbols, skipping writing output

** BUILD SUCCEEDED **

